2025-02-18 02:45:55,582 - INFO - [31m[1mWARNING: This is a development server. Do not use it in a production deployment. Use a production WSGI server instead.[0m
 * Running on http://127.0.0.1:5000
2025-02-18 02:45:55,582 - INFO - [33mPress CTRL+C to quit[0m
2025-02-18 02:45:55,584 - INFO -  * Restarting with stat
2025-02-18 02:45:55,919 - WARNING -  * Debugger is active!
2025-02-18 02:45:55,922 - INFO -  * Debugger PIN: 129-409-100
2025-02-18 02:46:01,211 - INFO - 127.0.0.1 - - [18/Feb/2025 02:46:01] "[33mGET / HTTP/1.1[0m" 404 -
2025-02-18 02:46:01,589 - INFO - 127.0.0.1 - - [18/Feb/2025 02:46:01] "[33mGET / HTTP/1.1[0m" 404 -
